// Jest Snapshot v1, https://goo.gl/fbAQLP

exports[`ChangePassword should match snapshot 1`] = `
.c1 {
  width: 30rem;
  text-align: center;
}

.c2 {
  margin: 2rem;
  padding: 2rem;
  width: 5rem;
  height: 5rem;
  border: 0.313rem solid #cdd0d5;
  border-bottom-color: transparent;
  border-radius: 50%;
  display: inline-block;
  box-sizing: border-box;
  -webkit-animation: rotation 1s linear infinite;
  animation: rotation 1s linear infinite;
}

.c0 {
  margin: 1.5rem;
}

@media only screen and (max-width:576px) {
  .c1 {
    width: 100%;
  }
}

@media only screen and (max-width:90.5rem) {
  .c0 {
    display: -webkit-box;
    display: -webkit-flex;
    display: -ms-flexbox;
    display: flex;
    -webkit-box-pack: center;
    -webkit-justify-content: center;
    -ms-flex-pack: center;
    justify-content: center;
  }
}

@media only screen and (max-width:576px) {
  .c0 {
    margin-bottom: 0;
  }
}

<div
  className="c0"
>
  <div
    className="c1"
  >
    <span
      className="c2"
    />
  </div>
</div>
`;
