// Jest Snapshot v1, https://goo.gl/fbAQLP

exports[`StepManager should match snapshot 1`] = `
.c21 {
  height: 1.125rem;
  padding: 0.438rem;
  cursor: pointer;
  text-align: center;
  vertical-align: middle;
  display: inline-block;
  color: inherit;
  box-sizing: content-box;
  border-radius: 50%;
  overflow: visible;
}

.c21.c21 {
  width: 1.125rem;
}

.c26 {
  font-family: Modern Era,sans-serif;
  -webkit-letter-spacing: 0;
  -moz-letter-spacing: 0;
  -ms-letter-spacing: 0;
  letter-spacing: 0;
  font-size: 12pt;
  line-height: 1.375rem;
  font-weight: bold;
  color: #091731;
  display: -webkit-box;
  display: -webkit-flex;
  display: -ms-flexbox;
  display: flex;
  -webkit-align-items: center;
  -webkit-box-align: center;
  -ms-flex-align: center;
  align-items: center;
}

.c29 {
  font-family: Modern Era,sans-serif;
  -webkit-letter-spacing: 0;
  -moz-letter-spacing: 0;
  -ms-letter-spacing: 0;
  letter-spacing: 0;
  color: #091731;
  font-style: normal;
  text-align: left;
  font-size: 10.5pt;
  line-height: 1.375rem;
  margin: auto;
}

.c23 {
  display: -webkit-box;
  display: -webkit-flex;
  display: -ms-flexbox;
  display: flex;
  -webkit-align-items: center;
  -webkit-box-align: center;
  -ms-flex-align: center;
  align-items: center;
  -webkit-box-pack: center;
  -webkit-justify-content: center;
  -ms-flex-pack: center;
  justify-content: center;
  position: relative;
  font-family: Modern Era,sans-serif;
  -webkit-letter-spacing: 0;
  -moz-letter-spacing: 0;
  -ms-letter-spacing: 0;
  letter-spacing: 0;
  font-size: 12pt;
  line-height: 1.375rem;
  font-weight: bold;
  height: 3.5rem;
  width: 14rem;
  border-radius: 2rem;
  text-align: center;
  cursor: pointer;
  border: none;
  background-color: #091731;
}

.c23 .c25 {
  -webkit-box-pack: space-evenly;
  -webkit-justify-content: space-evenly;
  -ms-flex-pack: space-evenly;
  justify-content: space-evenly;
}

.c23,
.c23 * {
  color: #fff;
}

.c23:hover,
.c23:focus,
.c23:hover .c20,
.c23:focus .c20,
.c23:hover .c25,
.c23:focus .c25 {
  background-color: #465164;
  color: #fff;
}

.c23:active {
  opacity: 0.8;
  -webkit-text-decoration: none;
  text-decoration: none;
}

.c23 .c20 {
  padding-left: 0;
}

.c15 {
  font-family: Modern Era,sans-serif;
  -webkit-letter-spacing: 0;
  -moz-letter-spacing: 0;
  -ms-letter-spacing: 0;
  letter-spacing: 0;
  font-size: 12pt;
  line-height: 1.375rem;
  font-weight: bold;
  color: #325FFF;
  border: none;
  background-color: transparent;
  cursor: pointer;
  outline: none;
}

.c15:hover,
.c15:focus {
  -webkit-text-decoration: underline;
  text-decoration: underline;
}

.c7 {
  font-family: Modern Era,sans-serif;
  -webkit-letter-spacing: 0;
  -moz-letter-spacing: 0;
  -ms-letter-spacing: 0;
  letter-spacing: 0;
  color: #091731;
  text-align: center;
  font-weight: bold;
  font-size: 2rem;
  line-height: 2.5rem;
}

.c0 {
  box-shadow: 0 0.125rem 0.25rem rgba(70,81,100,0.1);
  border-radius: 1.25rem;
  display: -webkit-box;
  display: -webkit-flex;
  display: -ms-flexbox;
  display: flex;
  -webkit-align-items: center;
  -webkit-box-align: center;
  -ms-flex-align: center;
  align-items: center;
}

.c1 {
  margin: auto;
  height: auto;
  position: relative;
  max-width: 39rem;
  -webkit-flex-direction: column;
  -ms-flex-direction: column;
  flex-direction: column;
}

.c4 {
  width: 100%;
  padding: 3rem 0;
  display: -webkit-box;
  display: -webkit-flex;
  display: -ms-flexbox;
  display: flex;
  -webkit-flex-direction: column;
  -ms-flex-direction: column;
  flex-direction: column;
  -webkit-align-items: center;
  -webkit-box-align: center;
  -ms-flex-align: center;
  align-items: center;
  text-align: center;
  background-color: #091731;
  border-top-left-radius: 1.25rem;
  border-top-right-radius: 1.25rem;
}

.c4 > * {
  color: #fff;
}

.c4 .c28 {
  margin-top: 1.5rem;
  text-align: center;
}

.c4 .c25 {
  text-align: center;
  margin-top: 0.5rem;
  display: block;
}

.c8 {
  padding: 3rem 5rem;
  -webkit-flex-direction: row;
  -ms-flex-direction: row;
  flex-direction: row;
  text-align: center;
  -webkit-align-items: center;
  -webkit-box-align: center;
  -ms-flex-align: center;
  align-items: center;
  -webkit-box-pack: justify;
  -webkit-justify-content: space-between;
  -ms-flex-pack: justify;
  justify-content: space-between;
  width: 100%;
  box-sizing: border-box;
}

.c2 {
  max-width: 39rem;
  background-color: #fff;
  box-shadow: 0 0.125rem 0.25rem rgba(70,81,100,0.1);
  border-radius: 1.25rem;
}

.c10 {
  margin-top: 2rem;
}

.c10:first-child {
  margin-top: 0;
}

.c27 {
  display: -webkit-box;
  display: -webkit-flex;
  display: -ms-flexbox;
  display: flex;
  cursor: pointer;
  -webkit-flex-direction: row;
  -ms-flex-direction: row;
  flex-direction: row;
  position: relative;
}

.c27 .c28 {
  padding: 0 1rem;
  text-align: start;
  margin-left: 0;
}

.c27 > input {
  width: 2rem;
  min-width: 2rem;
  height: 2rem;
  -webkit-appearance: none;
  -moz-appearance: none;
  appearance: none;
  border: 1px solid #c1c5cb;
  box-sizing: border-box;
  border-radius: 0.25rem;
  outline: none;
  cursor: pointer;
  background-repeat: no-repeat;
  background-position: center;
  background-origin: content-box;
  vertical-align: middle;
  margin: 0;
}

.c27 > input:checked {
  background-image: url(data:image/svg+xml;base64,PHN2ZyB4bWxucz0iaHR0cDovL3d3dy53My5vcmcvMjAwMC9zdmciIHdpZHRoPSIyNCIgaGVpZ2h0PSIyNCIgdmlld0JveD0iMCAwIDI0IDI0IiBmaWxsPSJub25lIiBzdHJva2U9IiNmZmYiIHN0cm9rZS13aWR0aD0iMiIgc3Ryb2tlLWxpbmVjYXA9InJvdW5kIiBzdHJva2UtbGluZWpvaW49InJvdW5kIj48cG9seWxpbmUgcG9pbnRzPSIyMCA2IDkgMTcgNCAxMiI+PC9wb2x5bGluZT48L3N2Zz4=);
  background-color: #091731;
  color: #fff;
  border: none;
}

.c27 > input:hover,
.c27 input:focus {
  background-color: #465164;
}

.c17 {
  font-family: Modern Era,sans-serif;
  -webkit-letter-spacing: 0;
  -moz-letter-spacing: 0;
  -ms-letter-spacing: 0;
  letter-spacing: 0;
  font-size: 12pt;
  line-height: 1.375rem;
  height: 3rem;
  width: 100%;
  border: 1px solid #cdd0d5;
  border-radius: 0.25rem;
  margin-top: 0.5rem;
  -webkit-align-self: auto;
  -ms-flex-item-align: auto;
  align-self: auto;
  caret-color: #091731;
  background-color: #fff;
  padding: 1rem;
  box-sizing: border-box;
  cursor: auto;
  outline: 0;
}

.c17:-webkit-autofill::first-line,
.c17:-webkit-autofill {
  font-size: 12pt;
  font-family: Modern Era,sans-serif;
  -webkit-letter-spacing: 0;
  -moz-letter-spacing: 0;
  -ms-letter-spacing: 0;
  letter-spacing: 0;
}

.c17::-ms-reveal {
  display: none;
}

.c17::-webkit-input-placeholder {
  color: #c1c5cb;
}

.c17::-moz-placeholder {
  color: #c1c5cb;
}

.c17:-ms-input-placeholder {
  color: #c1c5cb;
}

.c17::placeholder {
  color: #c1c5cb;
}

.c17:disabled {
  border: 1px solid #cdd0d5;
  background-color: #ECEFF0;
}

.c17:focus:not(disabled) {
  background-color: #bff0f9;
  border-color: #bff0f9;
}

.c22 {
  display: -webkit-box;
  display: -webkit-flex;
  display: -ms-flexbox;
  display: flex;
  cursor: pointer;
  margin-top: -2.5rem;
  margin-left: calc(100% - 2rem);
  margin-bottom: 1.5rem;
}

.c13 {
  font-family: Modern Era,sans-serif;
  -webkit-letter-spacing: 0;
  -moz-letter-spacing: 0;
  -ms-letter-spacing: 0;
  letter-spacing: 0;
  color: #091731;
  line-height: 1.375rem;
  font-size: 1rem;
  display: -webkit-box;
  display: -webkit-flex;
  display: -ms-flexbox;
  display: flex;
  font-weight: bold;
}

.c3 {
  width: 30rem;
  max-width: 30rem;
}

.c5 {
  padding: 2rem;
  width: 100%;
  -webkit-box-pack: center;
  -webkit-justify-content: center;
  -ms-flex-pack: center;
  justify-content: center;
  box-sizing: border-box;
  min-height: 8rem;
}

.c5 .c6 {
  margin-top: 0;
  margin-bottom: 0;
  color: #fff;
}

.c9 {
  padding: 2rem;
  width: 100%;
}

.c11 {
  display: -webkit-box;
  display: -webkit-flex;
  display: -ms-flexbox;
  display: flex;
  -webkit-flex-direction: row;
  -ms-flex-direction: row;
  flex-direction: row;
}

.c16 {
  -webkit-text-decoration: none;
  text-decoration: none;
}

.c24 {
  width: 10.5rem;
}

.c19 {
  padding: 0.75rem;
}

.c18 {
  padding: 0.75rem;
}

.c12 {
  -webkit-box-pack: justify;
  -webkit-justify-content: space-between;
  -ms-flex-pack: justify;
  justify-content: space-between;
  -webkit-align-items: baseline;
  -webkit-box-align: baseline;
  -ms-flex-align: baseline;
  align-items: baseline;
}

.c12 .c14 {
  font-size: 0.8125rem;
}

@media (max-width:767px) {
  .c7 {
    font-size: 1.75rem;
    line-height: 2.25rem;
  }
}

@media (max-width:767px) {
  .c1 {
    max-width: 22rem;
  }
}

@media (max-width:767px) {
  .c8 {
    width: auto;
    padding: 2rem 1.5rem;
  }
}

@media only screen and (max-width:576px) {
  .c3 {
    width: 100%;
  }
}

<div
  className="c0 c1 c2 c3"
>
  <div
    className="c4 c5"
  >
    <h2
      className="c6 c7"
    >
      Login
    </h2>
  </div>
  <div
    className="c8 c9"
  >
    <div
      className="c10"
    >
      <div
        className="c11 c12"
      >
        <label
          className="c13"
          onKeyDown={[Function]}
        >
          Username
        </label>
        <button
          className="c14 c15 c16"
          data-testid="LoginForm.forgotUsername"
          onClick={[Function]}
          type="button"
        >
          Forgot username?
        </button>
      </div>
      <input
        className="c17 c18"
        data-testid="LoginForm.username"
        onBlur={[Function]}
        onChange={[Function]}
        onKeyDown={[Function]}
        placeholder="Enter your username"
        value=""
      />
    </div>
    <div
      className="c10"
    >
      <div
        className="c11 c12"
      >
        <label
          className="c13"
          onKeyDown={[Function]}
        >
          Password
        </label>
        <button
          className="c14 c15 c16"
          data-testid="LoginForm.forgotPassword"
          onClick={[Function]}
          type="button"
        >
          Forgot password?
        </button>
      </div>
      <input
        className="c17 c19"
        data-testid="LoginForm.password"
        onBlur={[Function]}
        onChange={[Function]}
        onKeyDown={[Function]}
        placeholder="Enter your password"
        type="password"
        value=""
      />
      <svg
        className="c20 c21 c22"
        data-testid="LoginForm.password.Icon"
        fill="none"
        height={24}
        onClick={[Function]}
        stroke="currentColor"
        strokeLinecap="round"
        strokeLinejoin="round"
        strokeWidth="2"
        viewBox="0 0 24 24"
        width={24}
        xmlns="http://www.w3.org/2000/svg"
      >
        <path
          d="M17.94 17.94A10.07 10.07 0 0 1 12 20c-7 0-11-8-11-8a18.45 18.45 0 0 1 5.06-5.94M9.9 4.24A9.12 9.12 0 0 1 12 4c7 0 11 8 11 8a18.5 18.5 0 0 1-2.16 3.19m-6.72-1.07a3 3 0 1 1-4.24-4.24"
        />
        <line
          x1="1"
          x2="23"
          y1="1"
          y2="23"
        />
      </svg>
    </div>
    <div
      className="c10"
    >
      <button
        className="c23 c24"
        data-testid="LoginForm.loginBtn"
        label="Login"
        onClick={[Function]}
        type="button"
      >
        <span
          className="c25 c26"
          data-testid="LoginForm.loginBtn.Label"
        >
          Login
        </span>
      </button>
    </div>
    <div
      className="c10"
    >
      <label
        className="c27"
        data-testid="LoginForm.rememberMe"
      >
        <input
          checked={false}
          data-testid="LoginForm.rememberMe.input"
          onChange={[Function]}
          type="checkbox"
        />
        <p
          className="c28 c29"
          data-testid="LoginForm.rememberMe.Text"
          size="medium"
        >
          Remember me
        </p>
      </label>
    </div>
  </div>
</div>
`;
