// Jest Snapshot v1, https://goo.gl/fbAQLP

exports[`ChangePasswordEnterNewForm render should match snapshot 1`] = `
Array [
  .c5 {
  height: 1.125rem;
  padding: 0.438rem;
  cursor: pointer;
  text-align: center;
  vertical-align: middle;
  display: inline-block;
  color: inherit;
  box-sizing: content-box;
  border-radius: 50%;
  overflow: visible;
}

.c5.c5 {
  width: 1.125rem;
}

.c10 {
  height: 0.875rem;
  padding: 0.313rem;
  text-align: center;
  vertical-align: middle;
  display: inline-block;
  color: inherit;
  box-sizing: content-box;
  border-radius: 50%;
  overflow: visible;
}

.c10.c10 {
  width: 0.875rem;
}

.c8 {
  font-family: Modern Era,sans-serif;
  -webkit-letter-spacing: 0;
  -moz-letter-spacing: 0;
  -ms-letter-spacing: 0;
  letter-spacing: 0;
  color: #091731;
  font-style: normal;
  text-align: left;
  font-size: 9pt;
  line-height: 1.125rem;
  margin-top: 0.5rem;
}

.c13 .c4 {
  padding-left: 0;
}

.c0 {
  margin-top: 2rem;
}

.c0:first-child {
  margin-top: 0;
}

.c3 {
  font-family: Modern Era,sans-serif;
  -webkit-letter-spacing: 0;
  -moz-letter-spacing: 0;
  -ms-letter-spacing: 0;
  letter-spacing: 0;
  font-size: 12pt;
  line-height: 1.375rem;
  height: 3rem;
  width: 100%;
  border: 1px solid #cdd0d5;
  border-radius: 0.25rem;
  margin-top: 0.5rem;
  -webkit-align-self: auto;
  -ms-flex-item-align: auto;
  align-self: auto;
  caret-color: #091731;
  background-color: #fff;
  padding: 1rem;
  box-sizing: border-box;
  cursor: auto;
  outline: 0;
}

.c3:-webkit-autofill::first-line,
.c3:-webkit-autofill {
  font-size: 12pt;
  font-family: Modern Era,sans-serif;
  -webkit-letter-spacing: 0;
  -moz-letter-spacing: 0;
  -ms-letter-spacing: 0;
  letter-spacing: 0;
}

.c3::-ms-reveal {
  display: none;
}

.c3::-webkit-input-placeholder {
  color: #c1c5cb;
}

.c3::-moz-placeholder {
  color: #c1c5cb;
}

.c3:-ms-input-placeholder {
  color: #c1c5cb;
}

.c3::placeholder {
  color: #c1c5cb;
}

.c3:disabled {
  border: 1px solid #cdd0d5;
  background-color: #ECEFF0;
}

.c3:focus:not(disabled) {
  background-color: #bff0f9;
  border-color: #bff0f9;
}

.c6 {
  display: -webkit-box;
  display: -webkit-flex;
  display: -ms-flexbox;
  display: flex;
  cursor: pointer;
  margin-top: -2.5rem;
  margin-left: calc(100% - 2rem);
  margin-bottom: 1.5rem;
}

.c1 {
  font-family: Modern Era,sans-serif;
  -webkit-letter-spacing: 0;
  -moz-letter-spacing: 0;
  -ms-letter-spacing: 0;
  letter-spacing: 0;
  color: #091731;
  line-height: 1.375rem;
  font-size: 1rem;
  display: -webkit-box;
  display: -webkit-flex;
  display: -ms-flexbox;
  display: flex;
  font-weight: bold;
}

.c2 {
  width: 100%;
}

.c11 {
  margin-top: 1rem;
}

.c9 {
  margin: 0;
}

.c12 .c7 {
  text-align: left;
  -webkit-flex: 1;
  -ms-flex: 1;
  flex: 1;
}

<div
    className="c0"
  >
    <label
      className="c1"
      onKeyDown={[Function]}
    >
      <b>
        New Login Password
      </b>
    </label>
    <div
      className="c2"
    >
      <input
        className="c3"
        data-testid="ChangePasswordEnterNewForm.password"
        onBlur={[Function]}
        onChange={[Function]}
        onKeyDown={[Function]}
        placeholder="Enter your password"
        type="password"
        value=""
      />
      <svg
        className="c4 c5 c6"
        data-testid="ChangePasswordEnterNewForm.password.Icon"
        fill="none"
        height={24}
        onClick={[Function]}
        stroke="currentColor"
        strokeLinecap="round"
        strokeLinejoin="round"
        strokeWidth="2"
        viewBox="0 0 24 24"
        width={24}
        xmlns="http://www.w3.org/2000/svg"
      >
        <path
          d="M17.94 17.94A10.07 10.07 0 0 1 12 20c-7 0-11-8-11-8a18.45 18.45 0 0 1 5.06-5.94M9.9 4.24A9.12 9.12 0 0 1 12 4c7 0 11 8 11 8a18.5 18.5 0 0 1-2.16 3.19m-6.72-1.07a3 3 0 1 1-4.24-4.24"
        />
        <line
          x1="1"
          x2="23"
          y1="1"
          y2="23"
        />
      </svg>
    </div>
    <p
      className="c7 c8 c9"
      size="small"
    >
      <svg
        className="c4 c10"
        data-testid="Icon"
        fill="none"
        height={24}
        opacity={0.5}
        stroke="currentColor"
        strokeLinecap="round"
        strokeLinejoin="round"
        strokeWidth="2"
        viewBox="0 0 24 24"
        width={24}
        xmlns="http://www.w3.org/2000/svg"
      >
        <line
          x1="5"
          x2="19"
          y1="12"
          y2="12"
        />
      </svg>
      Contain a letter
    </p>
    <p
      className="c7 c8 c9"
      size="small"
    >
      <svg
        className="c4 c10"
        data-testid="Icon"
        fill="none"
        height={24}
        opacity={0.5}
        stroke="currentColor"
        strokeLinecap="round"
        strokeLinejoin="round"
        strokeWidth="2"
        viewBox="0 0 24 24"
        width={24}
        xmlns="http://www.w3.org/2000/svg"
      >
        <line
          x1="5"
          x2="19"
          y1="12"
          y2="12"
        />
      </svg>
      Contain a number
    </p>
    <p
      className="c7 c8 c9"
      size="small"
    >
      <svg
        className="c4 c10"
        data-testid="Icon"
        fill="none"
        height={24}
        opacity={0.5}
        stroke="currentColor"
        strokeLinecap="round"
        strokeLinejoin="round"
        strokeWidth="2"
        viewBox="0 0 24 24"
        width={24}
        xmlns="http://www.w3.org/2000/svg"
      >
        <line
          x1="5"
          x2="19"
          y1="12"
          y2="12"
        />
      </svg>
      Minimum 8 characters
    </p>
    <div
      className="c2 c11"
    >
      <label
        className="c1"
        onKeyDown={[Function]}
      >
        <b>
          Confirm Login Password
        </b>
      </label>
      <input
        className="c3"
        data-testid="ChangePasswordEnterNewForm.password-confirm"
        onBlur={[Function]}
        onChange={[Function]}
        onKeyDown={[Function]}
        placeholder="Confirm your password"
        type="password"
        value=""
      />
      <svg
        className="c4 c5 c6"
        data-testid="ChangePasswordEnterNewForm.password-confirm.Icon"
        fill="none"
        height={24}
        onClick={[Function]}
        stroke="currentColor"
        strokeLinecap="round"
        strokeLinejoin="round"
        strokeWidth="2"
        viewBox="0 0 24 24"
        width={24}
        xmlns="http://www.w3.org/2000/svg"
      >
        <path
          d="M17.94 17.94A10.07 10.07 0 0 1 12 20c-7 0-11-8-11-8a18.45 18.45 0 0 1 5.06-5.94M9.9 4.24A9.12 9.12 0 0 1 12 4c7 0 11 8 11 8a18.5 18.5 0 0 1-2.16 3.19m-6.72-1.07a3 3 0 1 1-4.24-4.24"
        />
        <line
          x1="1"
          x2="23"
          y1="1"
          y2="23"
        />
      </svg>
    </div>
  </div>,
  .c4 {
  font-family: Modern Era,sans-serif;
  -webkit-letter-spacing: 0;
  -moz-letter-spacing: 0;
  -ms-letter-spacing: 0;
  letter-spacing: 0;
  font-size: 12pt;
  line-height: 1.375rem;
  font-weight: bold;
  color: #091731;
  display: -webkit-box;
  display: -webkit-flex;
  display: -ms-flexbox;
  display: flex;
  -webkit-align-items: center;
  -webkit-box-align: center;
  -ms-flex-align: center;
  align-items: center;
}

.c2 {
  display: -webkit-box;
  display: -webkit-flex;
  display: -ms-flexbox;
  display: flex;
  -webkit-align-items: center;
  -webkit-box-align: center;
  -ms-flex-align: center;
  align-items: center;
  -webkit-box-pack: center;
  -webkit-justify-content: center;
  -ms-flex-pack: center;
  justify-content: center;
  position: relative;
  font-family: Modern Era,sans-serif;
  -webkit-letter-spacing: 0;
  -moz-letter-spacing: 0;
  -ms-letter-spacing: 0;
  letter-spacing: 0;
  font-size: 12pt;
  line-height: 1.375rem;
  font-weight: bold;
  height: 3.5rem;
  width: 14rem;
  border-radius: 2rem;
  text-align: center;
  cursor: pointer;
  border: none;
  background-color: #091731;
}

.c2 .c3 {
  -webkit-box-pack: space-evenly;
  -webkit-justify-content: space-evenly;
  -ms-flex-pack: space-evenly;
  justify-content: space-evenly;
}

.c2,
.c2 * {
  color: #fff;
}

.c2:active {
  opacity: 0.8;
  -webkit-text-decoration: none;
  text-decoration: none;
}

.c0 {
  display: -webkit-box;
  display: -webkit-flex;
  display: -ms-flexbox;
  display: flex;
  -webkit-flex-direction: row;
  -ms-flex-direction: row;
  flex-direction: row;
}

.c1 {
  margin-top: 2rem;
  width: 100%;
  gap: 1rem;
  -webkit-align-items: center;
  -webkit-box-align: center;
  -ms-flex-align: center;
  align-items: center;
  -webkit-box-pack: start;
  -webkit-justify-content: flex-start;
  -ms-flex-pack: start;
  justify-content: flex-start;
}

<div
    className="c0 c1"
  >
    <button
      className="c2"
      data-testid="ChangePasswordEnterNewForm.submit"
      label="Change Password"
      onClick={[Function]}
      type="button"
    >
      <span
        className="c3 c4"
        data-testid="ChangePasswordEnterNewForm.submit.Label"
      >
        Change Password
      </span>
    </button>
  </div>,
]
`;
