// Jest Snapshot v1, https://goo.gl/fbAQLP

exports[`ForgotUsernameEmailResultForm render should match snapshot 1`] = `
Array [
  .c3 {
  font-family: Modern Era,sans-serif;
  -webkit-letter-spacing: 0;
  -moz-letter-spacing: 0;
  -ms-letter-spacing: 0;
  letter-spacing: 0;
  color: #091731;
  font-style: normal;
  text-align: left;
  font-size: 10.5pt;
  line-height: 1.375rem;
  margin: auto;
}

.c6 {
  font-family: Modern Era,sans-serif;
  -webkit-letter-spacing: 0;
  -moz-letter-spacing: 0;
  -ms-letter-spacing: 0;
  letter-spacing: 0;
  font-size: 12pt;
  line-height: 1.375rem;
  font-weight: bold;
  color: #325FFF;
  border: none;
  background-color: transparent;
  cursor: pointer;
  outline: none;
}

.c6:hover,
.c6:focus {
  -webkit-text-decoration: underline;
  text-decoration: underline;
}

.c0 {
  display: -webkit-box;
  display: -webkit-flex;
  display: -ms-flexbox;
  display: flex;
  -webkit-flex-direction: column;
  -ms-flex-direction: column;
  flex-direction: column;
}

.c1 {
  -webkit-align-items: center;
  -webkit-box-align: center;
  -ms-flex-align: center;
  align-items: center;
  gap: 1rem;
}

.c5 {
  display: inline-block;
}

.c7 {
  font-size: 10.5pt;
}

.c2 {
  width: 5rem;
  height: 5rem;
}

.c4 {
  text-align: center;
}

<div
    className="c0 c1"
  >
    <img
      className="c2"
      data-testid="ForgotUsernameEmailResultForm.iconMail"
      src="test-file-stub"
    />
    <p
      className="c3 c4"
    >
      Your account username has been sent to your registered email address.
    </p>
    <p
      className="c3"
    >
      <span
        className="c5"
      >
        <button
          className="c6 c7"
          data-testid="ForgotUsernameEmailResultForm.options"
          onClick={[Function]}
          type="button"
        >
          Didn't receive?
        </button>
        <button
          className="c6 c7"
          data-testid="ForgotUsernameEmailResultForm.resend"
          onClick={[Function]}
          type="button"
        >
          Resend new email
        </button>
      </span>
    </p>
  </div>,
  .c3 {
  font-family: Modern Era,sans-serif;
  -webkit-letter-spacing: 0;
  -moz-letter-spacing: 0;
  -ms-letter-spacing: 0;
  letter-spacing: 0;
  font-size: 12pt;
  line-height: 1.375rem;
  font-weight: bold;
  color: #091731;
  display: -webkit-box;
  display: -webkit-flex;
  display: -ms-flexbox;
  display: flex;
  -webkit-align-items: center;
  -webkit-box-align: center;
  -ms-flex-align: center;
  align-items: center;
}

.c0 {
  display: inline-block;
  margin: auto;
  -webkit-align-items: center;
  -webkit-box-align: center;
  -ms-flex-align: center;
  align-items: center;
  -webkit-box-pack: center;
  -webkit-justify-content: center;
  -ms-flex-pack: center;
  justify-content: center;
  position: relative;
  font-family: Modern Era,sans-serif;
  -webkit-letter-spacing: 0;
  -moz-letter-spacing: 0;
  -ms-letter-spacing: 0;
  letter-spacing: 0;
  font-size: 12pt;
  line-height: 1.375rem;
  font-weight: bold;
  height: 3.5rem;
  width: 14rem;
  border-radius: 2rem;
  text-align: center;
  cursor: pointer;
  border: none;
  background-color: #091731;
}

.c0 .c2 {
  -webkit-box-pack: space-evenly;
  -webkit-justify-content: space-evenly;
  -ms-flex-pack: space-evenly;
  justify-content: space-evenly;
}

.c0,
.c0 * {
  color: #fff;
}

.c0:active {
  opacity: 0.8;
  -webkit-text-decoration: none;
  text-decoration: none;
}

.c1 {
  width: 10.5rem;
  margin-top: 2rem;
}

<button
    className="c0 c1"
    data-testid="ForgotUsernameEmailResultForm.backToLogin"
    label="Back to Login"
    onClick={[Function]}
    type="button"
  >
    <span
      className="c2 c3"
      data-testid="ForgotUsernameEmailResultForm.backToLogin.Label"
    >
      Back to Login
    </span>
  </button>,
]
`;
