// Jest Snapshot v1, https://goo.gl/fbAQLP

exports[`InnerOTPDecisionForm render should match snapshot 1`] = `
Array [
  .c3 {
  font-family: Modern Era,sans-serif;
  -webkit-letter-spacing: 0;
  -moz-letter-spacing: 0;
  -ms-letter-spacing: 0;
  letter-spacing: 0;
  color: #091731;
  font-style: normal;
  text-align: left;
  font-size: 10.5pt;
  line-height: 1.375rem;
  margin: auto;
}

.c6 {
  font-family: Modern Era,sans-serif;
  -webkit-letter-spacing: 0;
  -moz-letter-spacing: 0;
  -ms-letter-spacing: 0;
  letter-spacing: 0;
  font-size: 12pt;
  line-height: 1.375rem;
  height: 3rem;
  width: 100%;
  border: 1px solid #cdd0d5;
  border-radius: 0.25rem;
  margin-top: 0.5rem;
  -webkit-align-self: auto;
  -ms-flex-item-align: auto;
  align-self: auto;
  caret-color: #091731;
  background-color: #fff;
  padding: 1rem;
  box-sizing: border-box;
  cursor: auto;
  outline: 0;
}

.c6:-webkit-autofill::first-line,
.c6:-webkit-autofill {
  font-size: 12pt;
  font-family: Modern Era,sans-serif;
  -webkit-letter-spacing: 0;
  -moz-letter-spacing: 0;
  -ms-letter-spacing: 0;
  letter-spacing: 0;
}

.c6::-ms-reveal {
  display: none;
}

.c6::-webkit-input-placeholder {
  color: #c1c5cb;
}

.c6::-moz-placeholder {
  color: #c1c5cb;
}

.c6:-ms-input-placeholder {
  color: #c1c5cb;
}

.c6::placeholder {
  color: #c1c5cb;
}

.c6:disabled {
  border: 1px solid #cdd0d5;
  background-color: #ECEFF0;
}

.c6:focus:not(disabled) {
  background-color: #bff0f9;
  border-color: #bff0f9;
}

.c7 {
  text-align: center;
  padding: 1rem 0.5rem;
}

.c7.c7::-webkit-outer-spin-button,
.c7.c7::-webkit-inner-spin-button {
  -webkit-appearance: none;
  margin: 0;
}

.c4 {
  display: -webkit-box;
  display: -webkit-flex;
  display: -ms-flexbox;
  display: flex;
  -webkit-flex-flow: row;
  -ms-flex-flow: row;
  flex-flow: row;
  gap: 1rem;
}

.c8 {
  height: 4.5rem;
  max-width: 4rem;
  font-size: 2rem;
}

.c8:focus {
  background: #bff0f9;
  border-color: #bff0f9;
}

.c0 {
  display: -webkit-box;
  display: -webkit-flex;
  display: -ms-flexbox;
  display: flex;
  -webkit-flex-direction: column;
  -ms-flex-direction: column;
  flex-direction: column;
}

.c5 {
  margin-top: 2rem;
  margin-bottom: 0.625rem;
}

.c5 input {
  height: 3.5rem;
}

.c1 .c2 {
  margin-left: 0;
}

@media (max-width:767px) {
  .c8 {
    max-width: 2.875rem;
    height: 3.125rem;
  }
}

@media (max-width:767px) {
  .c5 {
    gap: 0.5rem;
  }
}

<div
    className="c0 c1"
  >
    <p
      className="c2 c3"
    >
      Please enter the 6-digit verification code sent to your registered email address.
    </p>
    <div
      className="c4 c5"
      data-testid="VerificationCode"
    >
      <input
        className="c6 c7 c8"
        data-testid="VerificationCode.Control0"
        disabled={false}
        inputMode="numeric"
        maxLength={1}
        onBlur={[Function]}
        onChange={[Function]}
        onFocus={[Function]}
        onKeyDown={[Function]}
        onPaste={[Function]}
        type="number"
      />
      <input
        className="c6 c7 c8"
        data-testid="VerificationCode.Control1"
        disabled={false}
        inputMode="numeric"
        maxLength={1}
        onBlur={[Function]}
        onChange={[Function]}
        onFocus={[Function]}
        onKeyDown={[Function]}
        onPaste={[Function]}
        type="number"
      />
      <input
        className="c6 c7 c8"
        data-testid="VerificationCode.Control2"
        disabled={false}
        inputMode="numeric"
        maxLength={1}
        onBlur={[Function]}
        onChange={[Function]}
        onFocus={[Function]}
        onKeyDown={[Function]}
        onPaste={[Function]}
        type="number"
      />
      <input
        className="c6 c7 c8"
        data-testid="VerificationCode.Control3"
        disabled={false}
        inputMode="numeric"
        maxLength={1}
        onBlur={[Function]}
        onChange={[Function]}
        onFocus={[Function]}
        onKeyDown={[Function]}
        onPaste={[Function]}
        type="number"
      />
      <input
        className="c6 c7 c8"
        data-testid="VerificationCode.Control4"
        disabled={false}
        inputMode="numeric"
        maxLength={1}
        onBlur={[Function]}
        onChange={[Function]}
        onFocus={[Function]}
        onKeyDown={[Function]}
        onPaste={[Function]}
        type="number"
      />
      <input
        className="c6 c7 c8"
        data-testid="VerificationCode.Control5"
        disabled={false}
        inputMode="numeric"
        maxLength={1}
        onBlur={[Function]}
        onChange={[Function]}
        onFocus={[Function]}
        onKeyDown={[Function]}
        onPaste={[Function]}
        type="number"
      />
    </div>
  </div>,
  .c1 {
  font-family: Modern Era,sans-serif;
  -webkit-letter-spacing: 0;
  -moz-letter-spacing: 0;
  -ms-letter-spacing: 0;
  letter-spacing: 0;
  color: #091731;
  font-style: normal;
  text-align: left;
  font-size: 10.5pt;
  line-height: 1.375rem;
  margin: auto;
}

.c3 {
  font-family: Modern Era,sans-serif;
  -webkit-letter-spacing: 0;
  -moz-letter-spacing: 0;
  -ms-letter-spacing: 0;
  letter-spacing: 0;
  font-size: 12pt;
  line-height: 1.375rem;
  font-weight: bold;
  color: #325FFF;
  border: none;
  background-color: transparent;
  cursor: pointer;
  outline: none;
}

.c3:hover,
.c3:focus {
  -webkit-text-decoration: underline;
  text-decoration: underline;
}

.c5 .c0 {
  margin-left: 0;
}

.c2 {
  margin-top: 1rem;
  display: inline-block;
}

.c4 {
  font-size: 10.5pt;
}

@media (max-width:767px) {

}

@media (max-width:767px) {

}

<p
    className="c0 c1"
  >
    <span
      className="c2"
    >
      <b>
        Didn't receive a code?
      </b>
       
      <button
        className="c3 c4"
        data-testid="InnerOTPDecisionForm.resend"
        onClick={[Function]}
        type="button"
      >
        Resend a new code
      </button>
    </span>
  </p>,
]
`;
