// Jest Snapshot v1, https://goo.gl/fbAQLP

exports[`RegisterMFAAuthAppForm render should match snapshot 1`] = `
Array [
  .c3 {
  font-family: Modern Era,sans-serif;
  -webkit-letter-spacing: 0;
  -moz-letter-spacing: 0;
  -ms-letter-spacing: 0;
  letter-spacing: 0;
  color: #091731;
  font-style: normal;
  text-align: left;
  font-size: 10.5pt;
  line-height: 1.375rem;
  margin: auto;
}

.c7 {
  font-family: Modern Era,sans-serif;
  -webkit-letter-spacing: 0;
  -moz-letter-spacing: 0;
  -ms-letter-spacing: 0;
  letter-spacing: 0;
  color: #325FFF;
  -webkit-text-decoration: none;
  text-decoration: none;
  font-size: 10.5pt;
  line-height: 1.375rem;
}

.c7:hover,
.c7:active,
.c7:focus {
  -webkit-text-decoration: underline;
  text-decoration: underline;
}

.c0 {
  display: -webkit-box;
  display: -webkit-flex;
  display: -ms-flexbox;
  display: flex;
  -webkit-flex-direction: column;
  -ms-flex-direction: column;
  flex-direction: column;
}

.c4 {
  display: -webkit-box;
  display: -webkit-flex;
  display: -ms-flexbox;
  display: flex;
  -webkit-flex-direction: row;
  -ms-flex-direction: row;
  flex-direction: row;
}

.c1 .c2 {
  margin-left: 0;
}

.c5 {
  gap: 2rem;
  -webkit-box-pack: center;
  -webkit-justify-content: center;
  -ms-flex-pack: center;
  justify-content: center;
}

.c6 {
  width: 8rem;
  height: 8rem;
}

.c8 {
  margin-top: 2rem;
}

<div
    className="c0 c1"
  >
    <p
      className="c2 c3"
    >
      <b>
        Step 1:
      </b>
    </p>
    <div
      className="c4 c5"
    >
      <p
        className="c2 c3"
      >
        Trans
      </p>
      <img
        className="c6"
        src="test-file-stub"
      />
    </div>
    <div
      className="c4 c5"
    >
      <a
        className="c7 c8"
        href="https://itunes.apple.com/app/forgerock-authenticator/id1038442926"
        target="_blank"
      >
        <img
          src="test-file-stub"
        />
      </a>
      <a
        className="c7 c8"
        href="https://play.google.com/store/apps/details?id=com.forgerock.authenticator"
        target="_blank"
      >
        <img
          src="test-file-stub"
        />
      </a>
    </div>
  </div>,
  .c3 {
  font-family: Modern Era,sans-serif;
  -webkit-letter-spacing: 0;
  -moz-letter-spacing: 0;
  -ms-letter-spacing: 0;
  letter-spacing: 0;
  font-size: 12pt;
  line-height: 1.375rem;
  font-weight: bold;
  color: #091731;
  display: -webkit-box;
  display: -webkit-flex;
  display: -ms-flexbox;
  display: flex;
  -webkit-align-items: center;
  -webkit-box-align: center;
  -ms-flex-align: center;
  align-items: center;
}

.c0 {
  display: inline-block;
  margin: auto;
  -webkit-align-items: center;
  -webkit-box-align: center;
  -ms-flex-align: center;
  align-items: center;
  -webkit-box-pack: center;
  -webkit-justify-content: center;
  -ms-flex-pack: center;
  justify-content: center;
  position: relative;
  font-family: Modern Era,sans-serif;
  -webkit-letter-spacing: 0;
  -moz-letter-spacing: 0;
  -ms-letter-spacing: 0;
  letter-spacing: 0;
  font-size: 12pt;
  line-height: 1.375rem;
  font-weight: bold;
  height: 3.5rem;
  width: 14rem;
  border-radius: 2rem;
  text-align: center;
  cursor: pointer;
  border: none;
  background-color: #091731;
}

.c0 .c2 {
  -webkit-box-pack: space-evenly;
  -webkit-justify-content: space-evenly;
  -ms-flex-pack: space-evenly;
  justify-content: space-evenly;
}

.c0,
.c0 * {
  color: #fff;
}

.c0:active {
  opacity: 0.8;
  -webkit-text-decoration: none;
  text-decoration: none;
}

.c1 {
  margin-top: 2rem;
}

<button
    className="c0 c1"
    data-testid="RegisterMFAAuthAppForm.continue"
    label="Continue"
    onClick={[Function]}
    type="button"
  >
    <span
      className="c2 c3"
      data-testid="RegisterMFAAuthAppForm.continue.Label"
    >
      Continue
    </span>
  </button>,
]
`;
