// Jest Snapshot v1, https://goo.gl/fbAQLP

exports[`RegisterMFAEnterEmailForm render should match snapshot 1`] = `
Array [
  .c2 {
  font-family: Modern Era,sans-serif;
  -webkit-letter-spacing: 0;
  -moz-letter-spacing: 0;
  -ms-letter-spacing: 0;
  letter-spacing: 0;
  font-size: 12pt;
  line-height: 1.375rem;
  height: 3rem;
  width: 100%;
  border: 1px solid #cdd0d5;
  border-radius: 0.25rem;
  margin-top: 0.5rem;
  -webkit-align-self: auto;
  -ms-flex-item-align: auto;
  align-self: auto;
  caret-color: #091731;
  background-color: #fff;
  padding: 1rem;
  box-sizing: border-box;
  cursor: auto;
  outline: 0;
}

.c2:-webkit-autofill::first-line,
.c2:-webkit-autofill {
  font-size: 12pt;
  font-family: Modern Era,sans-serif;
  -webkit-letter-spacing: 0;
  -moz-letter-spacing: 0;
  -ms-letter-spacing: 0;
  letter-spacing: 0;
}

.c2::-ms-reveal {
  display: none;
}

.c2::-webkit-input-placeholder {
  color: #c1c5cb;
}

.c2::-moz-placeholder {
  color: #c1c5cb;
}

.c2:-ms-input-placeholder {
  color: #c1c5cb;
}

.c2::placeholder {
  color: #c1c5cb;
}

.c2:disabled {
  border: 1px solid #cdd0d5;
  background-color: #ECEFF0;
}

.c2:focus:not(disabled) {
  background-color: #bff0f9;
  border-color: #bff0f9;
}

.c1 {
  font-family: Modern Era,sans-serif;
  -webkit-letter-spacing: 0;
  -moz-letter-spacing: 0;
  -ms-letter-spacing: 0;
  letter-spacing: 0;
  color: #091731;
  line-height: 1.375rem;
  font-size: 1rem;
  display: -webkit-box;
  display: -webkit-flex;
  display: -ms-flexbox;
  display: flex;
  font-weight: bold;
}

.c0 {
  display: -webkit-box;
  display: -webkit-flex;
  display: -ms-flexbox;
  display: flex;
  -webkit-flex-direction: column;
  -ms-flex-direction: column;
  flex-direction: column;
}

.c3 {
  padding: 0.75rem;
}

<div
    className="c0"
  >
    <label
      className="c1"
      onKeyDown={[Function]}
    >
      Email address
    </label>
    <input
      className="c2 c3"
      data-testid="RegisterMFAEnterEmailForm.email"
      onBlur={[Function]}
      onChange={[Function]}
      onKeyDown={[Function]}
      value="test-value-0"
    />
  </div>,
  .c5 {
  font-family: Modern Era,sans-serif;
  -webkit-letter-spacing: 0;
  -moz-letter-spacing: 0;
  -ms-letter-spacing: 0;
  letter-spacing: 0;
  font-size: 12pt;
  line-height: 1.375rem;
  font-weight: bold;
  color: #091731;
  display: -webkit-box;
  display: -webkit-flex;
  display: -ms-flexbox;
  display: flex;
  -webkit-align-items: center;
  -webkit-box-align: center;
  -ms-flex-align: center;
  align-items: center;
}

.c2 {
  display: -webkit-box;
  display: -webkit-flex;
  display: -ms-flexbox;
  display: flex;
  -webkit-align-items: center;
  -webkit-box-align: center;
  -ms-flex-align: center;
  align-items: center;
  -webkit-box-pack: center;
  -webkit-justify-content: center;
  -ms-flex-pack: center;
  justify-content: center;
  position: relative;
  font-family: Modern Era,sans-serif;
  -webkit-letter-spacing: 0;
  -moz-letter-spacing: 0;
  -ms-letter-spacing: 0;
  letter-spacing: 0;
  font-size: 12pt;
  line-height: 1.375rem;
  font-weight: bold;
  height: 3.5rem;
  width: 14rem;
  border-radius: 2rem;
  text-align: center;
  cursor: pointer;
  border: none;
  background-color: #091731;
}

.c2 .c4 {
  -webkit-box-pack: space-evenly;
  -webkit-justify-content: space-evenly;
  -ms-flex-pack: space-evenly;
  justify-content: space-evenly;
}

.c2,
.c2 * {
  color: #fff;
}

.c2:active {
  opacity: 0.8;
  -webkit-text-decoration: none;
  text-decoration: none;
}

.c0 {
  display: -webkit-box;
  display: -webkit-flex;
  display: -ms-flexbox;
  display: flex;
  -webkit-flex-direction: column;
  -ms-flex-direction: column;
  flex-direction: column;
}

.c1 {
  margin-top: 2rem;
  width: 100%;
  gap: 0.5rem;
}

.c3 {
  max-width: 7rem;
}

<div
    className="c0 c1"
  >
    <button
      className="c2 c3"
      data-testid="RegisterMFAEnterEmailForm.next"
      label="Next"
      onClick={[Function]}
      type="button"
    >
      <span
        className="c4 c5"
        data-testid="RegisterMFAEnterEmailForm.next.Label"
      >
        Next
      </span>
    </button>
  </div>,
]
`;
