// Jest Snapshot v1, https://goo.gl/fbAQLP

exports[`RegisterMFARecoveryCodesForm render should match snapshot 1`] = `
Array [
  .c1 {
  font-family: Modern Era,sans-serif;
  -webkit-letter-spacing: 0;
  -moz-letter-spacing: 0;
  -ms-letter-spacing: 0;
  letter-spacing: 0;
  color: #091731;
  font-style: normal;
  text-align: left;
  font-size: 10.5pt;
  line-height: 1.375rem;
  margin: auto;
}

.c0 {
  width: 100%;
  height: 100%;
  display: grid;
  grid-auto-flow: column;
  grid-template-rows: 1fr 1fr 1fr 1fr 1fr;
}

<div
    className="c0"
  >
    <p
      className="c1"
    >
      1. uJdzNTuPfW
    </p>
    <p
      className="c1"
    >
      2. y06gJ21Qj9
    </p>
    <p
      className="c1"
    >
      3. RF2rLPqxNp
    </p>
    <p
      className="c1"
    >
      4. r8bBpdXdMd
    </p>
    <p
      className="c1"
    >
      5. eh1QszPvPD
    </p>
    <p
      className="c1"
    >
      6. wIuHMbgJFY
    </p>
    <p
      className="c1"
    >
      7. dbaWXaezSJ
    </p>
    <p
      className="c1"
    >
      8. VWmBMdd7wY
    </p>
    <p
      className="c1"
    >
      9. deUMWRNaqL
    </p>
    <p
      className="c1"
    >
      10. Vx3h354i3u
    </p>
  </div>,
  .c2 {
  font-family: Modern Era,sans-serif;
  -webkit-letter-spacing: 0;
  -moz-letter-spacing: 0;
  -ms-letter-spacing: 0;
  letter-spacing: 0;
  font-size: 12pt;
  line-height: 1.375rem;
  font-weight: bold;
  color: #325FFF;
  border: none;
  background-color: transparent;
  cursor: pointer;
  outline: none;
}

.c2:hover,
.c2:focus {
  -webkit-text-decoration: underline;
  text-decoration: underline;
}

.c0 {
  display: -webkit-box;
  display: -webkit-flex;
  display: -ms-flexbox;
  display: flex;
  -webkit-flex-direction: row;
  -ms-flex-direction: row;
  flex-direction: row;
}

.c3 {
  -webkit-text-decoration: none;
  text-decoration: none;
}

.c1 {
  gap: 2rem;
  -webkit-box-pack: center;
  -webkit-justify-content: center;
  -ms-flex-pack: center;
  justify-content: center;
  margin-top: 2rem;
}

<div
    className="c0 c1"
  >
    <button
      className="c2 c3"
      data-testid="RegisterMFARecoveryCodesForm.copy"
      onClick={[Function]}
      type="button"
    >
      Copy to clipboard
    </button>
    <button
      className="c2 c3"
      data-testid="RegisterMFARecoveryCodesForm.print"
      onClick={[Function]}
      type="button"
    >
      Print
    </button>
  </div>,
  .c3 {
  font-family: Modern Era,sans-serif;
  -webkit-letter-spacing: 0;
  -moz-letter-spacing: 0;
  -ms-letter-spacing: 0;
  letter-spacing: 0;
  font-size: 12pt;
  line-height: 1.375rem;
  font-weight: bold;
  color: #091731;
  display: -webkit-box;
  display: -webkit-flex;
  display: -ms-flexbox;
  display: flex;
  -webkit-align-items: center;
  -webkit-box-align: center;
  -ms-flex-align: center;
  align-items: center;
}

.c0 {
  display: inline-block;
  margin: auto;
  -webkit-align-items: center;
  -webkit-box-align: center;
  -ms-flex-align: center;
  align-items: center;
  -webkit-box-pack: center;
  -webkit-justify-content: center;
  -ms-flex-pack: center;
  justify-content: center;
  position: relative;
  font-family: Modern Era,sans-serif;
  -webkit-letter-spacing: 0;
  -moz-letter-spacing: 0;
  -ms-letter-spacing: 0;
  letter-spacing: 0;
  font-size: 12pt;
  line-height: 1.375rem;
  font-weight: bold;
  height: 3.5rem;
  width: 14rem;
  border-radius: 2rem;
  text-align: center;
  cursor: pointer;
  border: none;
  background-color: #091731;
}

.c0 .c2 {
  -webkit-box-pack: space-evenly;
  -webkit-justify-content: space-evenly;
  -ms-flex-pack: space-evenly;
  justify-content: space-evenly;
}

.c0,
.c0 * {
  color: #fff;
}

.c0:active {
  opacity: 0.8;
  -webkit-text-decoration: none;
  text-decoration: none;
}

.c1 {
  margin-top: 2rem;
  max-width: 12rem;
}

<button
    className="c0 c1"
    data-testid="RegisterMFARecoveryCodesForm.done"
    label="Done"
    onClick={[Function]}
    type="button"
  >
    <span
      className="c2 c3"
      data-testid="RegisterMFARecoveryCodesForm.done.Label"
    >
      Done
    </span>
  </button>,
]
`;
