// Jest Snapshot v1, https://goo.gl/fbAQLP

exports[`RegisterMFAAuthOptionsForm render should match snapshot 1`] = `
.c8 {
  height: 1.375rem;
  padding: 1.313rem;
  text-align: center;
  vertical-align: middle;
  display: inline-block;
  color: inherit;
  box-sizing: content-box;
  border-radius: 50%;
  overflow: visible;
}

.c8.c8 {
  width: 1.375rem;
}

.c11 {
  font-family: Modern Era,sans-serif;
  -webkit-letter-spacing: 0;
  -moz-letter-spacing: 0;
  -ms-letter-spacing: 0;
  letter-spacing: 0;
  font-size: 12pt;
  line-height: 1.375rem;
  font-weight: bold;
  color: #091731;
  display: -webkit-box;
  display: -webkit-flex;
  display: -ms-flexbox;
  display: flex;
  -webkit-align-items: center;
  -webkit-box-align: center;
  -ms-flex-align: center;
  align-items: center;
}

.c12 {
  font-family: Modern Era,sans-serif;
  -webkit-letter-spacing: 0;
  -moz-letter-spacing: 0;
  -ms-letter-spacing: 0;
  letter-spacing: 0;
  color: #091731;
  font-style: normal;
  text-align: left;
  font-size: 10.5pt;
  line-height: 1.375rem;
  margin: auto;
}

.c15 {
  display: inline-block;
  margin: auto;
  -webkit-align-items: center;
  -webkit-box-align: center;
  -ms-flex-align: center;
  align-items: center;
  -webkit-box-pack: center;
  -webkit-justify-content: center;
  -ms-flex-pack: center;
  justify-content: center;
  position: relative;
  font-family: Modern Era,sans-serif;
  -webkit-letter-spacing: 0;
  -moz-letter-spacing: 0;
  -ms-letter-spacing: 0;
  letter-spacing: 0;
  font-size: 12pt;
  line-height: 1.375rem;
  font-weight: bold;
  height: 3.5rem;
  width: 14rem;
  border-radius: 2rem;
  text-align: center;
  cursor: pointer;
  border: none;
  background-color: #091731;
}

.c15 .c10 {
  -webkit-box-pack: space-evenly;
  -webkit-justify-content: space-evenly;
  -ms-flex-pack: space-evenly;
  justify-content: space-evenly;
}

.c15,
.c15 * {
  color: #fff;
}

.c15:hover,
.c15:focus,
.c15:hover .c6,
.c15:focus .c6,
.c15:hover .c10,
.c15:focus .c10 {
  background-color: #465164;
  color: #fff;
}

.c15:active {
  opacity: 0.8;
  -webkit-text-decoration: none;
  text-decoration: none;
}

.c15 .c6 {
  padding-left: 0;
}

.c2 {
  padding: 3rem 5rem;
  -webkit-flex-direction: row;
  -ms-flex-direction: row;
  flex-direction: row;
  text-align: center;
  -webkit-align-items: center;
  -webkit-box-align: center;
  -ms-flex-align: center;
  align-items: center;
  -webkit-box-pack: justify;
  -webkit-justify-content: space-between;
  -ms-flex-pack: justify;
  justify-content: space-between;
  width: 100%;
  box-sizing: border-box;
}

.c9 {
  border-radius: 1rem;
  cursor: pointer;
  display: -webkit-box;
  display: -webkit-flex;
  display: -ms-flexbox;
  display: flex;
  -webkit-align-items: center;
  -webkit-box-align: center;
  -ms-flex-align: center;
  align-items: center;
  -webkit-box-pack: center;
  -webkit-justify-content: center;
  -ms-flex-pack: center;
  justify-content: center;
  outline: none;
  vertical-align: middle;
  background-color: #fff;
  color: #fff;
  height: 1rem;
  padding: 0;
}

.c9.c9 {
  width: 1rem;
}

.c5 {
  display: -webkit-box;
  display: -webkit-flex;
  display: -ms-flexbox;
  display: flex;
  -webkit-align-items: center;
  -webkit-box-align: center;
  -ms-flex-align: center;
  align-items: center;
  -webkit-box-pack: center;
  -webkit-justify-content: center;
  -ms-flex-pack: center;
  justify-content: center;
  border-radius: 50%;
  height: 2rem;
  max-height: 2rem;
  min-width: 2rem;
  border: 2px solid #c1c5cb;
  background-color: #fff;
}

.c5 .c7 {
  margin: 0 auto;
}

.c4 {
  max-width: 32rem;
  width: 100%;
  min-height: 5.5rem;
  background-color: #f3f5f6;
  white-space: nowrap;
  margin: 0.5rem;
  border: none;
  border-radius: 0.25rem;
  padding: 1rem;
  gap: 1.5rem;
  display: -webkit-box;
  display: -webkit-flex;
  display: -ms-flexbox;
  display: flex;
  -webkit-align-items: left;
  -webkit-box-align: left;
  -ms-flex-align: left;
  align-items: left;
  vertical-align: middle;
  box-sizing: border-box;
  cursor: pointer;
  background-color: #bff0f9;
}

.c4 .c7 {
  color: #091731;
}

.c4:hover {
  background-color: #7fe2f3;
}

.c14 {
  max-width: 32rem;
  width: 100%;
  min-height: 5.5rem;
  background-color: #f3f5f6;
  white-space: nowrap;
  margin: 0.5rem;
  border: none;
  border-radius: 0.25rem;
  padding: 1rem;
  gap: 1.5rem;
  display: -webkit-box;
  display: -webkit-flex;
  display: -ms-flexbox;
  display: flex;
  -webkit-align-items: left;
  -webkit-box-align: left;
  -ms-flex-align: left;
  align-items: left;
  vertical-align: middle;
  box-sizing: border-box;
  cursor: pointer;
}

.c14:hover {
  background-color: #cdd0d5;
}

.c13 {
  margin: 0.5rem auto 0 0;
  white-space: normal;
}

.c0 {
  display: -webkit-box;
  display: -webkit-flex;
  display: -ms-flexbox;
  display: flex;
  -webkit-flex-direction: column;
  -ms-flex-direction: column;
  flex-direction: column;
}

.c3 {
  padding: 0;
  margin: 0;
}

.c3 button {
  margin-left: 0;
}

.c3 button:first-child {
  margin-top: 0;
}

.c3 button:last-child {
  margin-bottom: 0;
}

.c1 {
  gap: 2rem;
}

@media (max-width:767px) {
  .c2 {
    width: auto;
    padding: 2rem 1.5rem;
  }
}

@media (max-width:767px) {
  .c4 {
    height: auto;
    white-space: normal;
  }
}

@media (max-width:767px) {
  .c4:not(:focus):hover {
    background-color: #bff0f9;
  }
}

@media (max-width:767px) {
  .c14 {
    height: auto;
    white-space: normal;
  }
}

@media (max-width:767px) {
  .c14:not(:focus):hover {
    background-color: #cdd0d5;
  }
}

<div
  className="c0 c1"
>
  <div
    className="c2 c3"
  >
    <button
      className="c4"
      data-testid="RegisterMFAAuthOptionsForm.email"
      onClick={[Function]}
      selected={true}
      type="button"
    >
      <div
        className="c5"
      >
        <svg
          aria-hidden="true"
          className="svg-inline--fa fa-circle c6 c7 c8 c9"
          data-icon="circle"
          data-prefix="fas"
          data-testid="RegisterMFAAuthOptionsForm.email.RadioIcon"
          focusable="false"
          role="img"
          style={Object {}}
          viewBox="0 0 512 512"
          xmlns="http://www.w3.org/2000/svg"
        >
          <path
            d="M512 256C512 397.4 397.4 512 256 512C114.6 512 0 397.4 0 256C0 114.6 114.6 0 256 0C397.4 0 512 114.6 512 256z"
            fill="currentColor"
            style={Object {}}
          />
        </svg>
      </div>
      <span
        data-testid="RegisterMFAAuthOptionsForm.email.span"
      >
        <span
          className="c10 c11"
          data-testid="RegisterMFAAuthOptionsForm.email.Label"
        >
          Email
        </span>
        <p
          className="c12 c13"
          data-testid="RegisterMFAAuthOptionsForm.email.Text"
          size="medium"
        >
          We'll send a code to your registered email address.
        </p>
      </span>
    </button>
    <button
      className="c14"
      data-testid="RegisterMFAAuthOptionsForm.push"
      onClick={[Function]}
      selected={false}
      type="button"
    >
      <div
        className="c5"
      >
        <svg
          aria-hidden="true"
          className="svg-inline--fa fa-circle c6 c7 c8 c9"
          data-icon="circle"
          data-prefix="fas"
          data-testid="RegisterMFAAuthOptionsForm.push.RadioIcon"
          focusable="false"
          role="img"
          style={Object {}}
          viewBox="0 0 512 512"
          xmlns="http://www.w3.org/2000/svg"
        >
          <path
            d="M512 256C512 397.4 397.4 512 256 512C114.6 512 0 397.4 0 256C0 114.6 114.6 0 256 0C397.4 0 512 114.6 512 256z"
            fill="currentColor"
            style={Object {}}
          />
        </svg>
      </div>
      <span
        data-testid="RegisterMFAAuthOptionsForm.push.span"
      >
        <span
          className="c10 c11"
          data-testid="RegisterMFAAuthOptionsForm.push.Label"
        >
          Push Notification
        </span>
        <p
          className="c12 c13"
          data-testid="RegisterMFAAuthOptionsForm.push.Text"
          size="medium"
        >
          We'll send a push notification to your mobile device. Note you will need to have our app installed and have accepted Push Notifications for this to work.
        </p>
      </span>
    </button>
  </div>
  <button
    className="c15"
    data-testid="RegisterMFAAuthOptionsForm.next"
    label="Next"
    onClick={[Function]}
    type="button"
  >
    <span
      className="c10 c11"
      data-testid="RegisterMFAAuthOptionsForm.next.Label"
    >
      Next
    </span>
  </button>
</div>
`;
