// Jest Snapshot v1, https://goo.gl/fbAQLP

exports[`RequestMFAAuthOptionsForm render should match snapshot 1`] = `
.c6 {
  font-family: Modern Era,sans-serif;
  -webkit-letter-spacing: 0;
  -moz-letter-spacing: 0;
  -ms-letter-spacing: 0;
  letter-spacing: 0;
  font-size: 12pt;
  line-height: 1.375rem;
  font-weight: bold;
  color: #091731;
  display: -webkit-box;
  display: -webkit-flex;
  display: -ms-flexbox;
  display: flex;
  -webkit-align-items: center;
  -webkit-box-align: center;
  -ms-flex-align: center;
  align-items: center;
}

.c3 {
  font-family: Modern Era,sans-serif;
  -webkit-letter-spacing: 0;
  -moz-letter-spacing: 0;
  -ms-letter-spacing: 0;
  letter-spacing: 0;
  color: #091731;
  font-style: normal;
  text-align: left;
  font-size: 10.5pt;
  line-height: 1.375rem;
  margin: auto;
}

.c4 {
  display: -webkit-box;
  display: -webkit-flex;
  display: -ms-flexbox;
  display: flex;
  -webkit-align-items: center;
  -webkit-box-align: center;
  -ms-flex-align: center;
  align-items: center;
  -webkit-box-pack: center;
  -webkit-justify-content: center;
  -ms-flex-pack: center;
  justify-content: center;
  position: relative;
  font-family: Modern Era,sans-serif;
  -webkit-letter-spacing: 0;
  -moz-letter-spacing: 0;
  -ms-letter-spacing: 0;
  letter-spacing: 0;
  font-size: 12pt;
  line-height: 1.375rem;
  font-weight: bold;
  height: 3.5rem;
  width: 14rem;
  border-radius: 2rem;
  text-align: center;
  cursor: pointer;
  border: 1px solid #091731;
  background-color: #fff;
}

.c4 .c5 {
  -webkit-box-pack: space-evenly;
  -webkit-justify-content: space-evenly;
  -ms-flex-pack: space-evenly;
  justify-content: space-evenly;
}

.c4,
.c4 * {
  color: #091731;
}

.c4:active {
  opacity: 0.8;
  -webkit-text-decoration: none;
  text-decoration: none;
}

.c0 {
  display: -webkit-box;
  display: -webkit-flex;
  display: -ms-flexbox;
  display: flex;
  -webkit-flex-direction: column;
  -ms-flex-direction: column;
  flex-direction: column;
}

.c1 {
  gap: 1rem;
  -webkit-box-pack: center;
  -webkit-justify-content: center;
  -ms-flex-pack: center;
  justify-content: center;
  -webkit-align-items: center;
  -webkit-box-align: center;
  -ms-flex-align: center;
  align-items: center;
}

.c1 .c2 {
  text-align: center !important;
}

<div
  className="c0 c1"
>
  <p
    className="c2 c3"
  >
    To protect your account please verify your login using MFA. Please choose your preferred verification method below.
  </p>
  <button
    className="c4"
    data-testid="RequestMFAAuthOptionsForm.email"
    label="Email"
    onClick={[Function]}
    type="button"
  >
    <span
      className="c5 c6"
      data-testid="RequestMFAAuthOptionsForm.email.Label"
    >
      Email
    </span>
  </button>
  <button
    className="c4"
    data-testid="RequestMFAAuthOptionsForm.push"
    label="Push Notification"
    onClick={[Function]}
    type="button"
  >
    <span
      className="c5 c6"
      data-testid="RequestMFAAuthOptionsForm.push.Label"
    >
      Push Notification
    </span>
  </button>
  <button
    className="c4"
    data-testid="RequestMFAAuthOptionsForm.none"
    label="None"
    onClick={[Function]}
    type="button"
  >
    <span
      className="c5 c6"
      data-testid="RequestMFAAuthOptionsForm.none.Label"
    >
      None
    </span>
  </button>
</div>
`;
